2025-03-16T22:41:56.598Z [[32minfo[39m]: Successfully imported connect-redis
    Metadata: {
  "type": "function",
  "export": [
    "RedisStore"
  ]
}
2025-03-16T22:41:56.599Z [[32minfo[39m]: Redis session store initialized successfully
2025-03-16T22:41:56.599Z [[34mdebug[39m]: SAML providers configuration loaded
    Metadata: {
  "providers": [
    "shibboleth",
    "azure",
    "auth0",
    "okta"
  ]
}
2025-03-16T22:41:56.600Z [[32minfo[39m]: Attempting to configure SAML for provider: shibboleth
    Metadata: {
  "entryPoint": "https://10.153.168.81/idp/profile/SAML2/Redirect/SSO"
}
2025-03-16T22:41:56.600Z [[34mdebug[39m]: Checking existence of certificate files for shibboleth
    Metadata: {
  "certPath": "/Users/isaacbuz/Documents/VoterPromptApp_Frontend_Only_Final_Fixed-2-2-7-2/backend/cert/shibboleth/shibboleth-idp-cert.pem",
  "privateKeyPath": "/Users/isaacbuz/Documents/VoterPromptApp_Frontend_Only_Final_Fixed-2-2-7-2/backend/cert/shibboleth/shibboleth-key.pem",
  "spCertPath": "/Users/isaacbuz/Documents/VoterPromptApp_Frontend_Only_Final_Fixed-2-2-7-2/backend/cert/shibboleth/shibboleth-sp-cert.pem"
}
2025-03-16T22:41:56.600Z [[34mdebug[39m]: Read IDP certificate for shibboleth
    Metadata: {
  "filePath": "/Users/isaacbuz/Documents/VoterPromptApp_Frontend_Only_Final_Fixed-2-2-7-2/backend/cert/shibboleth/shibboleth-idp-cert.pem",
  "contentLength": 1496,
  "contentSnippet": "-----BEGIN CERTIFICATE-----\nMIIEJzCCAo+gAwIBAgIUDi"
}
2025-03-16T22:41:56.600Z [[34mdebug[39m]: Read private key for shibboleth
    Metadata: {
  "filePath": "/Users/isaacbuz/Documents/VoterPromptApp_Frontend_Only_Final_Fixed-2-2-7-2/backend/cert/shibboleth/shibboleth-key.pem",
  "contentLength": 3271,
  "contentSnippet": "-----BEGIN PRIVATE KEY-----\nMIIJQgIBADANBgkqhkiG9w"
}
2025-03-16T22:41:56.600Z [[34mdebug[39m]: Read SP certificate for shibboleth
    Metadata: {
  "filePath": "/Users/isaacbuz/Documents/VoterPromptApp_Frontend_Only_Final_Fixed-2-2-7-2/backend/cert/shibboleth/shibboleth-sp-cert.pem",
  "contentLength": 0,
  "contentSnippet": ""
}
2025-03-16T22:41:56.600Z [[34mdebug[39m]: Validating certificate PEM
    Metadata: {
  "isValid": true,
  "contentSnippet": "-----BEGIN CERTIFICATE-----\nMIIEJzCCAo+gAwIBAgIUDi"
}
2025-03-16T22:41:56.600Z [[34mdebug[39m]: Validating private key PEM
    Metadata: {
  "isValid": true,
  "contentSnippet": "-----BEGIN PRIVATE KEY-----\nMIIJQgIBADANBgkqhkiG9w"
}
2025-03-16T22:41:56.600Z [[34mdebug[39m]: Validating certificate PEM
    Metadata: {
  "isValid": false,
  "contentSnippet": ""
}
2025-03-16T22:41:56.601Z [[33mwarn[39m]: Skipping SAML provider shibboleth due to invalid certificate configuration
    Error: Invalid SP certificate format in /Users/isaacbuz/Documents/VoterPromptApp_Frontend_Only_Final_Fixed-2-2-7-2/backend/cert/shibboleth/shibboleth-sp-cert.pem
    Metadata: {
  "certPath": "/Users/isaacbuz/Documents/VoterPromptApp_Frontend_Only_Final_Fixed-2-2-7-2/backend/cert/shibboleth/shibboleth-idp-cert.pem",
  "privateKeyPath": "/Users/isaacbuz/Documents/VoterPromptApp_Frontend_Only_Final_Fixed-2-2-7-2/backend/cert/shibboleth/shibboleth-key.pem",
  "spCertPath": "/Users/isaacbuz/Documents/VoterPromptApp_Frontend_Only_Final_Fixed-2-2-7-2/backend/cert/shibboleth/shibboleth-sp-cert.pem"
}
2025-03-16T22:41:56.601Z [[32minfo[39m]: Attempting to configure SAML for provider: azure
    Metadata: {
  "entryPoint": "https://login.microsoftonline.com/9e0ab446-dd79-4d10-a90d-d405048204c9/saml2"
}
2025-03-16T22:41:56.601Z [[34mdebug[39m]: Checking existence of certificate files for azure
    Metadata: {
  "certPath": "/Users/isaacbuz/Documents/VoterPromptApp_Frontend_Only_Final_Fixed-2-2-7-2/backend/cert/azure/azure-ad-idp-cert.pem",
  "privateKeyPath": "/Users/isaacbuz/Documents/VoterPromptApp_Frontend_Only_Final_Fixed-2-2-7-2/backend/cert/azure/azure-key.pem",
  "spCertPath": "/Users/isaacbuz/Documents/VoterPromptApp_Frontend_Only_Final_Fixed-2-2-7-2/backend/cert/azure/azure-sp-cert.pem"
}
2025-03-16T22:41:56.601Z [[34mdebug[39m]: Read IDP certificate for azure
    Metadata: {
  "filePath": "/Users/isaacbuz/Documents/VoterPromptApp_Frontend_Only_Final_Fixed-2-2-7-2/backend/cert/azure/azure-ad-idp-cert.pem",
  "contentLength": 1078,
  "contentSnippet": "-----BEGIN CERTIFICATE-----\nMIIC8DCCAdigAwIBAgIQWX"
}
2025-03-16T22:41:56.601Z [[34mdebug[39m]: Read private key for azure
    Metadata: {
  "filePath": "/Users/isaacbuz/Documents/VoterPromptApp_Frontend_Only_Final_Fixed-2-2-7-2/backend/cert/azure/azure-key.pem",
  "contentLength": 1679,
  "contentSnippet": "-----BEGIN RSA PRIVATE KEY-----\nMIIEpgIBAAKCAQEAuF"
}
2025-03-16T22:41:56.601Z [[34mdebug[39m]: Read SP certificate for azure
    Metadata: {
  "filePath": "/Users/isaacbuz/Documents/VoterPromptApp_Frontend_Only_Final_Fixed-2-2-7-2/backend/cert/azure/azure-sp-cert.pem",
  "contentLength": 1257,
  "contentSnippet": "-----BEGIN CERTIFICATE-----\nMIIDdDCCAlwCCQCjUVdQZE"
}
2025-03-16T22:41:56.601Z [[34mdebug[39m]: Validating certificate PEM
    Metadata: {
  "isValid": true,
  "contentSnippet": "-----BEGIN CERTIFICATE-----\nMIIC8DCCAdigAwIBAgIQWX"
}
2025-03-16T22:41:56.601Z [[34mdebug[39m]: Validating private key PEM
    Metadata: {
  "isValid": true,
  "contentSnippet": "-----BEGIN RSA PRIVATE KEY-----\nMIIEpgIBAAKCAQEAuF"
}
2025-03-16T22:41:56.601Z [[34mdebug[39m]: Validating certificate PEM
    Metadata: {
  "isValid": true,
  "contentSnippet": "-----BEGIN CERTIFICATE-----\nMIIDdDCCAlwCCQCjUVdQZE"
}
2025-03-16T22:41:56.601Z [[32minfo[39m]: Successfully validated certificates for azure, initializing SAML strategy
2025-03-16T22:41:56.601Z [[34mdebug[39m]: SAML strategy options for azure
    Metadata: {
  "samlOptions": {
    "entryPoint": "https://login.microsoftonline.com/9e0ab446-dd79-4d10-a90d-d405048204c9/saml2",
    "issuer": "urn:com:voterpromptapp",
    "callbackUrl": "http://localhost:3001/login/callback/azure",
    "cert": "[REDACTED]",
    "privateKey": "[REDACTED]",
    "decryptionPvk": "[REDACTED]",
    "signatureAlgorithm": "sha256",
    "wantAssertionsSigned": false
  }
}
2025-03-16T22:41:56.602Z [[33mwarn[39m]: Skipping SAML provider azure due to invalid certificate configuration
    Error: idpCert is required
    Metadata: {
  "certPath": "/Users/isaacbuz/Documents/VoterPromptApp_Frontend_Only_Final_Fixed-2-2-7-2/backend/cert/azure/azure-ad-idp-cert.pem",
  "privateKeyPath": "/Users/isaacbuz/Documents/VoterPromptApp_Frontend_Only_Final_Fixed-2-2-7-2/backend/cert/azure/azure-key.pem",
  "spCertPath": "/Users/isaacbuz/Documents/VoterPromptApp_Frontend_Only_Final_Fixed-2-2-7-2/backend/cert/azure/azure-sp-cert.pem"
}
2025-03-16T22:41:56.602Z [[32minfo[39m]: Attempting to configure SAML for provider: auth0
    Metadata: {
  "entryPoint": "https://auth0-saml-idp.com/sso"
}
2025-03-16T22:41:56.602Z [[34mdebug[39m]: Checking existence of certificate files for auth0
    Metadata: {
  "certPath": "/Users/isaacbuz/Documents/VoterPromptApp_Frontend_Only_Final_Fixed-2-2-7-2/backend/cert/auth0/auth0-idp-cert.pem",
  "privateKeyPath": "/Users/isaacbuz/Documents/VoterPromptApp_Frontend_Only_Final_Fixed-2-2-7-2/backend/cert/auth0/auth0-key.pem",
  "spCertPath": "/Users/isaacbuz/Documents/VoterPromptApp_Frontend_Only_Final_Fixed-2-2-7-2/backend/cert/auth0/auth0-sp-cert.pem"
}
2025-03-16T22:41:56.602Z [[34mdebug[39m]: Read IDP certificate for auth0
    Metadata: {
  "filePath": "/Users/isaacbuz/Documents/VoterPromptApp_Frontend_Only_Final_Fixed-2-2-7-2/backend/cert/auth0/auth0-idp-cert.pem",
  "contentLength": 0,
  "contentSnippet": ""
}
2025-03-16T22:41:56.602Z [[34mdebug[39m]: Read private key for auth0
    Metadata: {
  "filePath": "/Users/isaacbuz/Documents/VoterPromptApp_Frontend_Only_Final_Fixed-2-2-7-2/backend/cert/auth0/auth0-key.pem",
  "contentLength": 0,
  "contentSnippet": ""
}
2025-03-16T22:41:56.602Z [[34mdebug[39m]: Read SP certificate for auth0
    Metadata: {
  "filePath": "/Users/isaacbuz/Documents/VoterPromptApp_Frontend_Only_Final_Fixed-2-2-7-2/backend/cert/auth0/auth0-sp-cert.pem",
  "contentLength": 0,
  "contentSnippet": ""
}
2025-03-16T22:41:56.602Z [[34mdebug[39m]: Validating certificate PEM
    Metadata: {
  "isValid": false,
  "contentSnippet": ""
}
2025-03-16T22:41:56.602Z [[33mwarn[39m]: Skipping SAML provider auth0 due to invalid certificate configuration
    Error: Invalid IdP certificate format in /Users/isaacbuz/Documents/VoterPromptApp_Frontend_Only_Final_Fixed-2-2-7-2/backend/cert/auth0/auth0-idp-cert.pem
    Metadata: {
  "certPath": "/Users/isaacbuz/Documents/VoterPromptApp_Frontend_Only_Final_Fixed-2-2-7-2/backend/cert/auth0/auth0-idp-cert.pem",
  "privateKeyPath": "/Users/isaacbuz/Documents/VoterPromptApp_Frontend_Only_Final_Fixed-2-2-7-2/backend/cert/auth0/auth0-key.pem",
  "spCertPath": "/Users/isaacbuz/Documents/VoterPromptApp_Frontend_Only_Final_Fixed-2-2-7-2/backend/cert/auth0/auth0-sp-cert.pem"
}
2025-03-16T22:41:56.602Z [[32minfo[39m]: Attempting to configure SAML for provider: okta
    Metadata: {
  "entryPoint": "https://okta-saml-idp.com/sso"
}
2025-03-16T22:41:56.602Z [[34mdebug[39m]: Checking existence of certificate files for okta
    Metadata: {
  "certPath": "/Users/isaacbuz/Documents/VoterPromptApp_Frontend_Only_Final_Fixed-2-2-7-2/backend/cert/okta/okta-idp-cert.pem",
  "privateKeyPath": "/Users/isaacbuz/Documents/VoterPromptApp_Frontend_Only_Final_Fixed-2-2-7-2/backend/cert/okta/okta-key.pem",
  "spCertPath": "/Users/isaacbuz/Documents/VoterPromptApp_Frontend_Only_Final_Fixed-2-2-7-2/backend/cert/okta/okta-sp-cert.pem"
}
2025-03-16T22:41:56.602Z [[34mdebug[39m]: Read IDP certificate for okta
    Metadata: {
  "filePath": "/Users/isaacbuz/Documents/VoterPromptApp_Frontend_Only_Final_Fixed-2-2-7-2/backend/cert/okta/okta-idp-cert.pem",
  "contentLength": 0,
  "contentSnippet": ""
}
2025-03-16T22:41:56.602Z [[34mdebug[39m]: Read private key for okta
    Metadata: {
  "filePath": "/Users/isaacbuz/Documents/VoterPromptApp_Frontend_Only_Final_Fixed-2-2-7-2/backend/cert/okta/okta-key.pem",
  "contentLength": 0,
  "contentSnippet": ""
}
2025-03-16T22:41:56.602Z [[34mdebug[39m]: Read SP certificate for okta
    Metadata: {
  "filePath": "/Users/isaacbuz/Documents/VoterPromptApp_Frontend_Only_Final_Fixed-2-2-7-2/backend/cert/okta/okta-sp-cert.pem",
  "contentLength": 0,
  "contentSnippet": ""
}
2025-03-16T22:41:56.602Z [[34mdebug[39m]: Validating certificate PEM
    Metadata: {
  "isValid": false,
  "contentSnippet": ""
}
2025-03-16T22:41:56.602Z [[33mwarn[39m]: Skipping SAML provider okta due to invalid certificate configuration
    Error: Invalid IdP certificate format in /Users/isaacbuz/Documents/VoterPromptApp_Frontend_Only_Final_Fixed-2-2-7-2/backend/cert/okta/okta-idp-cert.pem
    Metadata: {
  "certPath": "/Users/isaacbuz/Documents/VoterPromptApp_Frontend_Only_Final_Fixed-2-2-7-2/backend/cert/okta/okta-idp-cert.pem",
  "privateKeyPath": "/Users/isaacbuz/Documents/VoterPromptApp_Frontend_Only_Final_Fixed-2-2-7-2/backend/cert/okta/okta-key.pem",
  "spCertPath": "/Users/isaacbuz/Documents/VoterPromptApp_Frontend_Only_Final_Fixed-2-2-7-2/backend/cert/okta/okta-sp-cert.pem"
}
2025-03-16T22:41:56.603Z [[32minfo[39m]: Server running on port 3001
